// Jest Snapshot v1, https://goo.gl/fbAQLP

exports[`SES domain verification ensure matches snapshot 1`] = `
Object {
  "Outputs": Object {
    "VerifyExampleDomainsubdomainexampleorgSesNotificationTopicBA54C794": Object {
      "Description": "SES notification topic for sub-domain.example.org",
      "Value": Object {
        "Ref": "VerifyExampleDomainSesNotificationTopicC05E5B2B",
      },
    },
  },
  "Parameters": Object {
    "BootstrapVersion": Object {
      "Default": "/cdk-bootstrap/hnb659fds/version",
      "Description": "Version of the CDK Bootstrap resources in this environment, automatically retrieved from SSM Parameter Store. [cdk:skip]",
      "Type": "AWS::SSM::Parameter::Value<String>",
    },
  },
  "Resources": Object {
    "AWS679f53fac002430cb0da5b7982bd22872D164C4C": Object {
      "DependsOn": Array [
        "AWS679f53fac002430cb0da5b7982bd2287ServiceRoleC1EA0FF2",
      ],
      "Properties": Object {
        "Code": Object {
          "S3Bucket": Object {
            "Fn::Sub": "cdk-hnb659fds-assets-\${AWS::AccountId}-\${AWS::Region}",
          },
          "S3Key": "11d371859e49f3b1a49896583254890801a40beada56e4c84409a179a221e2e2.zip",
        },
        "Handler": "index.handler",
        "Role": Object {
          "Fn::GetAtt": Array [
            "AWS679f53fac002430cb0da5b7982bd2287ServiceRoleC1EA0FF2",
            "Arn",
          ],
        },
        "Runtime": "nodejs12.x",
        "Timeout": 120,
      },
      "Type": "AWS::Lambda::Function",
    },
    "AWS679f53fac002430cb0da5b7982bd2287ServiceRoleC1EA0FF2": Object {
      "Properties": Object {
        "AssumeRolePolicyDocument": Object {
          "Statement": Array [
            Object {
              "Action": "sts:AssumeRole",
              "Effect": "Allow",
              "Principal": Object {
                "Service": "lambda.amazonaws.com",
              },
            },
          ],
          "Version": "2012-10-17",
        },
        "ManagedPolicyArns": Array [
          Object {
            "Fn::Join": Array [
              "",
              Array [
                "arn:",
                Object {
                  "Ref": "AWS::Partition",
                },
                ":iam::aws:policy/service-role/AWSLambdaBasicExecutionRole",
              ],
            ],
          },
        ],
      },
      "Type": "AWS::IAM::Role",
    },
    "VerifyExampleDomainAddBounceTopicHeaderssubdomainexampleorg863B3F6D": Object {
      "DeletionPolicy": "Delete",
      "DependsOn": Array [
        "VerifyExampleDomainAddBounceTopicsubdomainexampleorgCustomResourcePolicy11D5C18D",
        "VerifyExampleDomainAddBounceTopicsubdomainexampleorgD92CBEF0",
        "VerifyExampleDomainAddBounceTopicHeaderssubdomainexampleorgCustomResourcePolicyEFD7055E",
      ],
      "Properties": Object {
        "Create": "{\\"service\\":\\"SES\\",\\"action\\":\\"setIdentityHeadersInNotificationsEnabled\\",\\"parameters\\":{\\"Enabled\\":true,\\"Identity\\":\\"sub-domain.example.org\\",\\"NotificationType\\":\\"Bounce\\"},\\"physicalResourceId\\":{\\"id\\":\\"sub-domain.example.org-set-Bounce-topic-headers\\"}}",
        "InstallLatestAwsSdk": true,
        "ServiceToken": Object {
          "Fn::GetAtt": Array [
            "AWS679f53fac002430cb0da5b7982bd22872D164C4C",
            "Arn",
          ],
        },
      },
      "Type": "Custom::AWS",
      "UpdateReplacePolicy": "Delete",
    },
    "VerifyExampleDomainAddBounceTopicHeaderssubdomainexampleorgCustomResourcePolicyEFD7055E": Object {
      "DependsOn": Array [
        "VerifyExampleDomainAddBounceTopicsubdomainexampleorgCustomResourcePolicy11D5C18D",
        "VerifyExampleDomainAddBounceTopicsubdomainexampleorgD92CBEF0",
      ],
      "Properties": Object {
        "PolicyDocument": Object {
          "Statement": Array [
            Object {
              "Action": "ses:SetIdentityHeadersInNotificationsEnabled",
              "Effect": "Allow",
              "Resource": "*",
            },
          ],
          "Version": "2012-10-17",
        },
        "PolicyName": "VerifyExampleDomainAddBounceTopicHeaderssubdomainexampleorgCustomResourcePolicyEFD7055E",
        "Roles": Array [
          Object {
            "Ref": "AWS679f53fac002430cb0da5b7982bd2287ServiceRoleC1EA0FF2",
          },
        ],
      },
      "Type": "AWS::IAM::Policy",
    },
    "VerifyExampleDomainAddBounceTopicsubdomainexampleorgCustomResourcePolicy11D5C18D": Object {
      "DependsOn": Array [
        "VerifyExampleDomainSesNotificationTopicC05E5B2B",
      ],
      "Properties": Object {
        "PolicyDocument": Object {
          "Statement": Array [
            Object {
              "Action": "ses:SetIdentityNotificationTopic",
              "Effect": "Allow",
              "Resource": "*",
            },
          ],
          "Version": "2012-10-17",
        },
        "PolicyName": "VerifyExampleDomainAddBounceTopicsubdomainexampleorgCustomResourcePolicy11D5C18D",
        "Roles": Array [
          Object {
            "Ref": "AWS679f53fac002430cb0da5b7982bd2287ServiceRoleC1EA0FF2",
          },
        ],
      },
      "Type": "AWS::IAM::Policy",
    },
    "VerifyExampleDomainAddBounceTopicsubdomainexampleorgD92CBEF0": Object {
      "DeletionPolicy": "Delete",
      "DependsOn": Array [
        "VerifyExampleDomainAddBounceTopicsubdomainexampleorgCustomResourcePolicy11D5C18D",
        "VerifyExampleDomainSesNotificationTopicC05E5B2B",
      ],
      "Properties": Object {
        "Create": Object {
          "Fn::Join": Array [
            "",
            Array [
              "{\\"service\\":\\"SES\\",\\"action\\":\\"setIdentityNotificationTopic\\",\\"parameters\\":{\\"Identity\\":\\"sub-domain.example.org\\",\\"NotificationType\\":\\"Bounce\\",\\"SnsTopic\\":\\"",
              Object {
                "Ref": "VerifyExampleDomainSesNotificationTopicC05E5B2B",
              },
              "\\"},\\"physicalResourceId\\":{\\"id\\":\\"sub-domain.example.org-set-Bounce-topic\\"}}",
            ],
          ],
        },
        "InstallLatestAwsSdk": true,
        "ServiceToken": Object {
          "Fn::GetAtt": Array [
            "AWS679f53fac002430cb0da5b7982bd22872D164C4C",
            "Arn",
          ],
        },
      },
      "Type": "Custom::AWS",
      "UpdateReplacePolicy": "Delete",
    },
    "VerifyExampleDomainSesDkimVerificationRecord0BDA51882": Object {
      "DependsOn": Array [
        "VerifyExampleDomainVerifyDomainDkimCustomResourcePolicy9E8CDFA0",
        "VerifyExampleDomainVerifyDomainDkim7F386E74",
      ],
      "Properties": Object {
        "Name": Object {
          "Fn::Join": Array [
            "",
            Array [
              Object {
                "Fn::GetAtt": Array [
                  "VerifyExampleDomainVerifyDomainDkim7F386E74",
                  "DkimTokens.0",
                ],
              },
              "._domainkey.sub-domain.example.org.",
            ],
          ],
        },
        "ResourceRecords": Array [
          Object {
            "Fn::Join": Array [
              "",
              Array [
                Object {
                  "Fn::GetAtt": Array [
                    "VerifyExampleDomainVerifyDomainDkim7F386E74",
                    "DkimTokens.0",
                  ],
                },
                ".dkim.amazonses.com",
              ],
            ],
          },
        ],
        "TTL": "1800",
        "Type": "CNAME",
      },
      "Type": "AWS::Route53::RecordSet",
    },
    "VerifyExampleDomainSesDkimVerificationRecord15BC3AC32": Object {
      "DependsOn": Array [
        "VerifyExampleDomainVerifyDomainDkimCustomResourcePolicy9E8CDFA0",
        "VerifyExampleDomainVerifyDomainDkim7F386E74",
      ],
      "Properties": Object {
        "Name": Object {
          "Fn::Join": Array [
            "",
            Array [
              Object {
                "Fn::GetAtt": Array [
                  "VerifyExampleDomainVerifyDomainDkim7F386E74",
                  "DkimTokens.1",
                ],
              },
              "._domainkey.sub-domain.example.org.",
            ],
          ],
        },
        "ResourceRecords": Array [
          Object {
            "Fn::Join": Array [
              "",
              Array [
                Object {
                  "Fn::GetAtt": Array [
                    "VerifyExampleDomainVerifyDomainDkim7F386E74",
                    "DkimTokens.1",
                  ],
                },
                ".dkim.amazonses.com",
              ],
            ],
          },
        ],
        "TTL": "1800",
        "Type": "CNAME",
      },
      "Type": "AWS::Route53::RecordSet",
    },
    "VerifyExampleDomainSesDkimVerificationRecord2FD3AE34A": Object {
      "DependsOn": Array [
        "VerifyExampleDomainVerifyDomainDkimCustomResourcePolicy9E8CDFA0",
        "VerifyExampleDomainVerifyDomainDkim7F386E74",
      ],
      "Properties": Object {
        "Name": Object {
          "Fn::Join": Array [
            "",
            Array [
              Object {
                "Fn::GetAtt": Array [
                  "VerifyExampleDomainVerifyDomainDkim7F386E74",
                  "DkimTokens.2",
                ],
              },
              "._domainkey.sub-domain.example.org.",
            ],
          ],
        },
        "ResourceRecords": Array [
          Object {
            "Fn::Join": Array [
              "",
              Array [
                Object {
                  "Fn::GetAtt": Array [
                    "VerifyExampleDomainVerifyDomainDkim7F386E74",
                    "DkimTokens.2",
                  ],
                },
                ".dkim.amazonses.com",
              ],
            ],
          },
        ],
        "TTL": "1800",
        "Type": "CNAME",
      },
      "Type": "AWS::Route53::RecordSet",
    },
    "VerifyExampleDomainSesNotificationTopicC05E5B2B": Object {
      "DependsOn": Array [
        "VerifyExampleDomainVerifyDomainIdentityCustomResourcePolicy4DBB7566",
        "VerifyExampleDomainVerifyDomainIdentity646566FF",
      ],
      "Type": "AWS::SNS::Topic",
    },
    "VerifyExampleDomainVerifyDomainDkim7F386E74": Object {
      "DeletionPolicy": "Delete",
      "DependsOn": Array [
        "VerifyExampleDomainVerifyDomainDkimCustomResourcePolicy9E8CDFA0",
        "VerifyExampleDomainVerifyDomainIdentityCustomResourcePolicy4DBB7566",
        "VerifyExampleDomainVerifyDomainIdentity646566FF",
      ],
      "Properties": Object {
        "Create": "{\\"service\\":\\"SES\\",\\"action\\":\\"verifyDomainDkim\\",\\"parameters\\":{\\"Domain\\":\\"sub-domain.example.org\\"},\\"physicalResourceId\\":{\\"id\\":\\"sub-domain.example.org-verify-domain-dkim\\"}}",
        "InstallLatestAwsSdk": true,
        "ServiceToken": Object {
          "Fn::GetAtt": Array [
            "AWS679f53fac002430cb0da5b7982bd22872D164C4C",
            "Arn",
          ],
        },
        "Update": "{\\"service\\":\\"SES\\",\\"action\\":\\"verifyDomainDkim\\",\\"parameters\\":{\\"Domain\\":\\"sub-domain.example.org\\"},\\"physicalResourceId\\":{\\"id\\":\\"sub-domain.example.org-verify-domain-dkim\\"}}",
      },
      "Type": "Custom::AWS",
      "UpdateReplacePolicy": "Delete",
    },
    "VerifyExampleDomainVerifyDomainDkimCustomResourcePolicy9E8CDFA0": Object {
      "DependsOn": Array [
        "VerifyExampleDomainVerifyDomainIdentityCustomResourcePolicy4DBB7566",
        "VerifyExampleDomainVerifyDomainIdentity646566FF",
      ],
      "Properties": Object {
        "PolicyDocument": Object {
          "Statement": Array [
            Object {
              "Action": "ses:VerifyDomainDkim",
              "Effect": "Allow",
              "Resource": "*",
            },
          ],
          "Version": "2012-10-17",
        },
        "PolicyName": "VerifyExampleDomainVerifyDomainDkimCustomResourcePolicy9E8CDFA0",
        "Roles": Array [
          Object {
            "Ref": "AWS679f53fac002430cb0da5b7982bd2287ServiceRoleC1EA0FF2",
          },
        ],
      },
      "Type": "AWS::IAM::Policy",
    },
    "VerifyExampleDomainVerifyDomainIdentity646566FF": Object {
      "DeletionPolicy": "Delete",
      "DependsOn": Array [
        "VerifyExampleDomainVerifyDomainIdentityCustomResourcePolicy4DBB7566",
      ],
      "Properties": Object {
        "Create": "{\\"service\\":\\"SES\\",\\"action\\":\\"verifyDomainIdentity\\",\\"parameters\\":{\\"Domain\\":\\"sub-domain.example.org\\"},\\"physicalResourceId\\":{\\"responsePath\\":\\"VerificationToken\\"}}",
        "Delete": "{\\"service\\":\\"SES\\",\\"action\\":\\"deleteIdentity\\",\\"parameters\\":{\\"Identity\\":\\"sub-domain.example.org\\"}}",
        "InstallLatestAwsSdk": true,
        "ServiceToken": Object {
          "Fn::GetAtt": Array [
            "AWS679f53fac002430cb0da5b7982bd22872D164C4C",
            "Arn",
          ],
        },
        "Update": "{\\"service\\":\\"SES\\",\\"action\\":\\"verifyDomainIdentity\\",\\"parameters\\":{\\"Domain\\":\\"sub-domain.example.org\\"},\\"physicalResourceId\\":{\\"responsePath\\":\\"VerificationToken\\"}}",
      },
      "Type": "Custom::AWS",
      "UpdateReplacePolicy": "Delete",
    },
    "VerifyExampleDomainVerifyDomainIdentityCustomResourcePolicy4DBB7566": Object {
      "Properties": Object {
        "PolicyDocument": Object {
          "Statement": Array [
            Object {
              "Action": Array [
                "ses:VerifyDomainIdentity",
                "ses:DeleteIdentity",
              ],
              "Effect": "Allow",
              "Resource": "*",
            },
          ],
          "Version": "2012-10-17",
        },
        "PolicyName": "VerifyExampleDomainVerifyDomainIdentityCustomResourcePolicy4DBB7566",
        "Roles": Array [
          Object {
            "Ref": "AWS679f53fac002430cb0da5b7982bd2287ServiceRoleC1EA0FF2",
          },
        ],
      },
      "Type": "AWS::IAM::Policy",
    },
  },
  "Rules": Object {
    "CheckBootstrapVersion": Object {
      "Assertions": Array [
        Object {
          "Assert": Object {
            "Fn::Not": Array [
              Object {
                "Fn::Contains": Array [
                  Array [
                    "1",
                    "2",
                    "3",
                    "4",
                    "5",
                  ],
                  Object {
                    "Ref": "BootstrapVersion",
                  },
                ],
              },
            ],
          },
          "AssertDescription": "CDK bootstrap stack version 6 required. Please run 'cdk bootstrap' with a recent version of the CDK CLI.",
        },
      ],
    },
  },
}
`;
